     1                                  bits 32 
     2                                  
     3                                  global start        
     4                                  
     5                                  extern exit              
     6                                  import exit msvcrt.dll    
     7                                                            
     8                                  segment data use32 class=data
     9 00000000 04                          a db 4
    10 00000001 06                          b db 6
    11 00000002 03                          c db 3
    12                                  
    13                                  segment code use32 class=code
    14                                      start:
    15                                          ; (a-c)*3+b*b
    16 00000000 B800000000                      mov eax, 0
    17 00000005 BB00000000                      mov ebx, 0
    18                                          
    19 0000000A A0[00000000]                    mov al, [a]
    20 0000000F 2A05[02000000]                  sub al, [c]
    21 00000015 B303                            mov bl, 3
    22 00000017 F6E3                            mul bl
    23 00000019 6689C3                          mov bx, ax
    24                                          
    25 0000001C A0[01000000]                    mov al, [b]
    26 00000021 F6E0                            mul al
    27 00000023 6601D8                          add ax, bx
    28                                          
    29 00000026 6A00                            push    dword 0      
    30 00000028 FF15[00000000]                  call    [exit]       
