     1                                  bits 32 
     2                                  
     3                                  global start        
     4                                  
     5                                  extern exit              
     6                                  import exit msvcrt.dll    
     7                                  
     8                                  ; a - byte, b - word, c - double word, d - qword - Interpretare fara semn                          
     9                                  segment data use32 class=data
    10 00000000 12                          a db 12h
    11 00000001 3812                        b dw 1238h
    12 00000003 78563412                    c dd 12345678h
    13 00000007 7845238167452301            d dq 123456781234578h
    14                                  
    15                                  ; c-(a+d)+(b+d) = 9235 - (10 + 2312) + (213 + 2312) = 
    16                                  segment code use32 class=code
    17                                      start:
    18                                          ;Calculam (a+d) 
    19 00000000 A0[00000000]                    mov al, [a]
    20 00000005 0305[07000000]                  add eax, dword[d]
    21 0000000B BA00000000                      mov edx, 0
    22 00000010 1315[0B000000]                  adc edx, dword[d+4]
    23                                          
    24                                          
    25 00000016 6A00                            push    dword 0      
    26 00000018 FF15[00000000]                  call    [exit]
