     1                                  bits 32 
     2                                  
     3                                  global start        
     4                                  
     5                                  extern exit              
     6                                  import exit msvcrt.dll    
     7                                                            
     8                                  segment data use32 class=data
     9                                  
    10                                  
    11                                  segment code use32 class=code
    12                                      start:
    13 00000000 B834210000                      mov eax, 2134h
    14 00000005 50                              push eax
    15                                          
    16 00000006 BB13020000                      mov ebx, 213h
    17 0000000B B934210000                      mov ecx, 2134h
    18 00000010 01CB                            add ebx, ecx
    19 00000012 89C8                            mov eax, ecx
    20                                          
    21 00000014 59                              pop ecx
    22 00000015 6A00                            push    dword 0      
    23 00000017 FF15[00000000]                  call    [exit]       
