     1                                  bits 32 
     2                                  
     3                                  global start        
     4                                  
     5                                  extern exit              
     6                                  import exit msvcrt.dll    
     7                                  
     8                                  ; a - byte, b - word, c - double word, d - qword - Interpretare fara semn                          
     9                                  segment data use32 class=data
    10 00000000 12                          a db 12h
    11 00000001 5823                        b dw 2358h
    12 00000003 34124826                    c dd 26481234h
    13 00000007 7856341278563412            d dq 1234567812345678h
    14                                  
    15                                  ; c-(a+d)+(b+d) = 9235 - (10 + 2312) + (213 + 2312) = 
    16                                  segment code use32 class=code
    17                                      start:
    18                                          
    19                                          ;Calculam (a + 5d)
    20 00000000 B800000000                      mov eax, 0
    21 00000005 BA00000000                      mov edx, 0
    22 0000000A A0[00000000]                    mov al, [a]
    23 0000000F 1315[0B000000]                  adc edx, [d+4]
    24 00000015 0305[07000000]                  add eax, [d]
    25                                          
    26 0000001B 6A00                            push    dword 0      
    27 0000001D FF15[00000000]                  call    [exit]       
